// Jest Snapshot v1, https://goo.gl/fbAQLP

exports[`generateReports generate a report with ALL tasks 2`] = `
"createdAt,timeOfCall,riderResponsibility,isRiderUsingOwnVehicle,priority,status,timePickedUp,timeDroppedOff,timeRiderHome,timeRejected,timeCancelled,requesterContact_name,requesterContact_telephoneNumber,pickUpLocation_ward,pickUpLocation_line1,pickUpLocation_town,pickUpLocation_postcode,pickUpLocation_listed,dropOffLocation_ward,dropOffLocation_line1,dropOffLocation_town,dropOffLocation_postcode,dropOffLocation_listed,assignee_0_name,assignee_0_role,assignee_1_name,assignee_1_role,assignee_2_name,assignee_2_role,item_0_label,item_0_count,item_1_label,item_1_count,comment_0_author,comment_0_body,comment_1_author,comment_1_body
2021-11-29T23:24:58.987Z,2021-11-29T23:24:58.987Z,yay rider role,FALSE,MEDIUM,NEW,2021-11-29T23:24:58.987Z,2021-11-29T23:24:58.987Z,2021-11-29T23:24:58.987Z,,2021-11-29T23:24:58.987Z,some person,0121212121,pickup ward1,pickup line1,pickup town,pickup postcode,1,dropoff ward,dropoff line1,dropoff town,dropoff postcode,1,Coordinator name,COORDINATOR,Whoami name,COORDINATOR,Rider 1 name,RIDER,deliverable 1,5,deliverable 2,6,Rider 1,body 1,Rider 1,body 2
2021-11-29T23:24:58.987Z,2021-11-29T23:24:58.987Z,yay rider role,FALSE,MEDIUM,ACTIVE,2021-11-29T23:24:58.987Z,2021-11-29T23:24:58.987Z,2021-11-29T23:24:58.987Z,2021-11-29T23:24:58.987Z,,some name,01234567890,pickup ward1,pickup line1,pickup town,pickup postcode,1,dropoff ward,dropoff line1,dropoff town,dropoff postcode,1,,,Rider 2 name,RIDER,,,deliverable 3,7"
`;

exports[`generateReports generate a report with a role 1`] = `
"createdAt,timeOfCall,riderResponsibility,isRiderUsingOwnVehicle,priority,status,timePickedUp,timeDroppedOff,timeRiderHome,timeRejected,timeCancelled,requesterContact_name,requesterContact_telephoneNumber,pickUpLocation_ward,pickUpLocation_line1,pickUpLocation_town,pickUpLocation_postcode,pickUpLocation_listed,dropOffLocation_ward,dropOffLocation_line1,dropOffLocation_town,dropOffLocation_postcode,dropOffLocation_listed,assignee_0_name,assignee_0_role,assignee_1_name,assignee_1_role,assignee_2_name,assignee_2_role,item_0_label,item_0_count,item_1_label,item_1_count,comment_0_author,comment_0_body,comment_1_author,comment_1_body
,2021-11-29T23:24:58.987Z,yay rider role,FALSE,MEDIUM,NEW,2021-11-29T23:24:58.987Z,2021-11-29T23:24:58.987Z,2021-11-29T23:24:58.987Z,,2021-11-29T23:24:58.987Z,some person,0121212121,pickup ward1,pickup line1,pickup town,pickup postcode,TRUE,dropoff ward,dropoff line1,dropoff town,dropoff postcode,TRUE,Whoami name,COORDINATOR,Rider 1 name,RIDER,Coordinator name,COORDINATOR,deliverable 1,5,deliverable 3,7,Rider 1,body 1,Rider 1,body 2
,2021-11-29T23:24:58.987Z,some rider role,TRUE,MEDIUM,ACTIVE,2021-11-29T23:24:58.987Z,2021-11-29T23:24:58.987Z,2021-11-29T23:24:58.987Z,2021-11-29T23:24:58.987Z,,some name,01234567890,pickup ward1 2,pickup line1 2,pickup town 2,pickup postcode 2,FALSE,dropoff ward 2,dropoff line1 2,dropoff town 2,dropoff postcode 2,FALSE,Whoami name,COORDINATOR,Rider 2 name,RIDER,,,deliverable 2,6"
`;
