// Jest Snapshot v1, https://goo.gl/fbAQLP

exports[`sendWelcomeEmail should send a welcome email 1`] = `
[MockFunction] {
  "calls": [
    [
      {
        "apiVersion": "2010-12-01",
        "region": "us-east-1",
      },
    ],
  ],
  "results": [
    {
      "type": "return",
      "value": {
        "promise": [MockFunction] {
          "calls": [
            [],
          ],
          "results": [
            {
              "type": "return",
              "value": undefined,
            },
          ],
        },
        "sendEmail": [MockFunction] {
          "calls": [
            [
              {
                "Destination": {
                  "ToAddresses": [
                    "test@test.com",
                  ],
                },
                "Message": {
                  "Body": {
                    "Html": {
                      "Charset": "UTF-8",
                      "Data": "
                    <p>
                        Welcome to https://test.com, Test User!
                    </p>
                    <p>
                        An admin has created your account for you with a temporary password.
                    </p>
                    <p>
                        <b>Username:</b> test@test.com
                    </p>
                    <p>
                        <b>Password:</b> testpassword
                    </p>
                    <p>
                        <b>This temporary password will expire in one week.</b>
                    </p>
                    <p>
                        Thank you.
                    </p>
                    ",
                    },
                    "Text": {
                      "Charset": "UTF-8",
                      "Data": "Welcome to https://test.com, Test User!
                    An admin has created your account for you. A temporary password has been generated for you.
                    Username: test@test.com
                    Password: testpassword
                    This temporary password will expire in one week.
                    Thank you.",
                    },
                  },
                  "Subject": {
                    "Charset": "UTF-8",
                    "Data": "Welcome to Platelet!",
                  },
                },
                "ReplyToAddresses": [
                  "welcome@test.com",
                ],
                "ReturnPath": "welcome@test.com",
                "Source": "welcome@test.com",
              },
            ],
          ],
          "results": [
            {
              "type": "return",
              "value": [Circular],
            },
          ],
        },
      },
    },
  ],
}
`;
