// Jest Snapshot v1, https://jestjs.io/docs/snapshot-testing

exports[`TakeOutGetUserAssignments get user assginments 1`] = `
[
  [
    {
      "query": "query GetUser($id: ID!, $nextToken: String) {
  getUser(id: $id) {
    id
    assignments(nextToken: $nextToken) {
      nextToken
      items {
          id
          _version
          _deleted
          role
          task {
              id
          }
      }
    }
  }
}",
      "variables": {
        "id": "test-user-id",
        "nextToken": null,
      },
    },
    "https://api.example.com/graphql",
  ],
  [
    {
      "query": "query GetUser($id: ID!, $nextToken: String) {
  getUser(id: $id) {
    id
    assignments(nextToken: $nextToken) {
      nextToken
      items {
          id
          _version
          _deleted
          role
          task {
              id
          }
      }
    }
  }
}",
      "variables": {
        "id": "test-user-id",
        "nextToken": "something",
      },
    },
    "https://api.example.com/graphql",
  ],
]
`;
