// Jest Snapshot v1, https://jestjs.io/docs/snapshot-testing

exports[`SendTakeOutData send take out data 1`] = `
[
  PutObjectCommand {
    "deserialize": null,
    "input": {
      "Body": "{"id":"test-user-id","_version":10,"username":"some-username","name":"Some Name","contact":{"emailAddress":"test@platelet.app"},"profilePicture":{"key":"public/some-key.jpg","bucket":"some-user-bucket"}}",
      "Bucket": "some-takeout-bucket",
      "Key": "test/user.json",
    },
    "middlewareStack": {
      "add": [Function],
      "addRelativeTo": [Function],
      "applyToStack": [Function],
      "clone": [Function],
      "concat": [Function],
      "identify": [Function],
      "identifyOnResolve": [Function],
      "remove": [Function],
      "removeByTag": [Function],
      "resolve": [Function],
      "use": [Function],
    },
    "schema": [
      9,
      "com.amazonaws.s3",
      "PutObject",
      {
        "http": [
          "PUT",
          "/{Key+}?x-id=PutObject",
          200,
        ],
      },
      [Function],
      [Function],
    ],
    "serialize": null,
  },
  CopyObjectCommand {
    "deserialize": null,
    "input": {
      "Bucket": "some-takeout-bucket",
      "CopySource": "/some-user-bucket/public/some-key.jpg",
      "Key": "test/public/some-key.jpg",
    },
    "middlewareStack": {
      "add": [Function],
      "addRelativeTo": [Function],
      "applyToStack": [Function],
      "clone": [Function],
      "concat": [Function],
      "identify": [Function],
      "identifyOnResolve": [Function],
      "remove": [Function],
      "removeByTag": [Function],
      "resolve": [Function],
      "use": [Function],
    },
    "schema": [
      9,
      "com.amazonaws.s3",
      "CopyObject",
      {
        "http": [
          "PUT",
          "/{Key+}?x-id=CopyObject",
          200,
        ],
      },
      [Function],
      [Function],
    ],
    "serialize": null,
  },
  CopyObjectCommand {
    "deserialize": null,
    "input": {
      "Bucket": "some-takeout-bucket",
      "CopySource": "/some-user-bucket/public/some-key-128x128.jpg",
      "Key": "test/public/some-key-128x128.jpg",
    },
    "middlewareStack": {
      "add": [Function],
      "addRelativeTo": [Function],
      "applyToStack": [Function],
      "clone": [Function],
      "concat": [Function],
      "identify": [Function],
      "identifyOnResolve": [Function],
      "remove": [Function],
      "removeByTag": [Function],
      "resolve": [Function],
      "use": [Function],
    },
    "schema": [
      9,
      "com.amazonaws.s3",
      "CopyObject",
      {
        "http": [
          "PUT",
          "/{Key+}?x-id=CopyObject",
          200,
        ],
      },
      [Function],
      [Function],
    ],
    "serialize": null,
  },
  ListObjectsV2Command {
    "deserialize": null,
    "input": {
      "Bucket": "some-takeout-bucket",
      "Prefix": "test-user-id/",
    },
    "middlewareStack": {
      "add": [Function],
      "addRelativeTo": [Function],
      "applyToStack": [Function],
      "clone": [Function],
      "concat": [Function],
      "identify": [Function],
      "identifyOnResolve": [Function],
      "remove": [Function],
      "removeByTag": [Function],
      "resolve": [Function],
      "use": [Function],
    },
    "schema": [
      9,
      "com.amazonaws.s3",
      "ListObjectsV2",
      {
        "http": [
          "GET",
          "/?list-type=2",
          200,
        ],
      },
      [Function],
      [Function],
    ],
    "serialize": null,
  },
  GetObjectCommand {
    "deserialize": null,
    "input": {
      "Bucket": "some-takeout-bucket",
      "Key": "test-user-id/public/some-key.jpg",
    },
    "middlewareStack": {
      "add": [Function],
      "addRelativeTo": [Function],
      "applyToStack": [Function],
      "clone": [Function],
      "concat": [Function],
      "identify": [Function],
      "identifyOnResolve": [Function],
      "remove": [Function],
      "removeByTag": [Function],
      "resolve": [Function],
      "use": [Function],
    },
    "schema": [
      9,
      "com.amazonaws.s3",
      "GetObject",
      {
        "http": [
          "GET",
          "/{Key+}?x-id=GetObject",
          200,
        ],
      },
      [Function],
      [Function],
    ],
    "serialize": null,
  },
  GetObjectCommand {
    "deserialize": null,
    "input": {
      "Bucket": "some-takeout-bucket",
      "Key": "test-user-id/public/some-key-128x128.jpg",
    },
    "middlewareStack": {
      "add": [Function],
      "addRelativeTo": [Function],
      "applyToStack": [Function],
      "clone": [Function],
      "concat": [Function],
      "identify": [Function],
      "identifyOnResolve": [Function],
      "remove": [Function],
      "removeByTag": [Function],
      "resolve": [Function],
      "use": [Function],
    },
    "schema": [
      9,
      "com.amazonaws.s3",
      "GetObject",
      {
        "http": [
          "GET",
          "/{Key+}?x-id=GetObject",
          200,
        ],
      },
      [Function],
      [Function],
    ],
    "serialize": null,
  },
  GetObjectCommand {
    "deserialize": null,
    "input": {
      "Bucket": "some-takeout-bucket",
      "Key": "test-user-id/user.json",
    },
    "middlewareStack": {
      "add": [Function],
      "addRelativeTo": [Function],
      "applyToStack": [Function],
      "clone": [Function],
      "concat": [Function],
      "identify": [Function],
      "identifyOnResolve": [Function],
      "remove": [Function],
      "removeByTag": [Function],
      "resolve": [Function],
      "use": [Function],
    },
    "schema": [
      9,
      "com.amazonaws.s3",
      "GetObject",
      {
        "http": [
          "GET",
          "/{Key+}?x-id=GetObject",
          200,
        ],
      },
      [Function],
      [Function],
    ],
    "serialize": null,
  },
  ListObjectsV2Command {
    "deserialize": null,
    "input": {
      "Bucket": "some-takeout-bucket",
      "Prefix": "test-user-id/",
    },
    "middlewareStack": {
      "add": [Function],
      "addRelativeTo": [Function],
      "applyToStack": [Function],
      "clone": [Function],
      "concat": [Function],
      "identify": [Function],
      "identifyOnResolve": [Function],
      "remove": [Function],
      "removeByTag": [Function],
      "resolve": [Function],
      "use": [Function],
    },
    "schema": [
      9,
      "com.amazonaws.s3",
      "ListObjectsV2",
      {
        "http": [
          "GET",
          "/?list-type=2",
          200,
        ],
      },
      [Function],
      [Function],
    ],
    "serialize": null,
  },
  DeleteObjectCommand {
    "deserialize": null,
    "input": {
      "Bucket": "some-takeout-bucket",
      "Key": "test-user-id/public/some-key.jpg",
    },
    "middlewareStack": {
      "add": [Function],
      "addRelativeTo": [Function],
      "applyToStack": [Function],
      "clone": [Function],
      "concat": [Function],
      "identify": [Function],
      "identifyOnResolve": [Function],
      "remove": [Function],
      "removeByTag": [Function],
      "resolve": [Function],
      "use": [Function],
    },
    "schema": [
      9,
      "com.amazonaws.s3",
      "DeleteObject",
      {
        "http": [
          "DELETE",
          "/{Key+}?x-id=DeleteObject",
          204,
        ],
      },
      [Function],
      [Function],
    ],
    "serialize": null,
  },
  DeleteObjectCommand {
    "deserialize": null,
    "input": {
      "Bucket": "some-takeout-bucket",
      "Key": "test-user-id/public/some-key-128x128.jpg",
    },
    "middlewareStack": {
      "add": [Function],
      "addRelativeTo": [Function],
      "applyToStack": [Function],
      "clone": [Function],
      "concat": [Function],
      "identify": [Function],
      "identifyOnResolve": [Function],
      "remove": [Function],
      "removeByTag": [Function],
      "resolve": [Function],
      "use": [Function],
    },
    "schema": [
      9,
      "com.amazonaws.s3",
      "DeleteObject",
      {
        "http": [
          "DELETE",
          "/{Key+}?x-id=DeleteObject",
          204,
        ],
      },
      [Function],
      [Function],
    ],
    "serialize": null,
  },
  DeleteObjectCommand {
    "deserialize": null,
    "input": {
      "Bucket": "some-takeout-bucket",
      "Key": "test-user-id/user.json",
    },
    "middlewareStack": {
      "add": [Function],
      "addRelativeTo": [Function],
      "applyToStack": [Function],
      "clone": [Function],
      "concat": [Function],
      "identify": [Function],
      "identifyOnResolve": [Function],
      "remove": [Function],
      "removeByTag": [Function],
      "resolve": [Function],
      "use": [Function],
    },
    "schema": [
      9,
      "com.amazonaws.s3",
      "DeleteObject",
      {
        "http": [
          "DELETE",
          "/{Key+}?x-id=DeleteObject",
          204,
        ],
      },
      [Function],
      [Function],
    ],
    "serialize": null,
  },
]
`;
