// Jest Snapshot v1, https://goo.gl/fbAQLP

exports[`plateletAdminResetUserPassword reset the user's password 1`] = `
[MockFunction] {
  "calls": [
    [
      {
        "query": "getUser",
        "variables": {
          "id": "user-id",
        },
      },
      "https://api.example.com/graphql",
    ],
  ],
  "results": [
    {
      "type": "return",
      "value": {
        "json": [Function],
      },
    },
  ],
}
`;

exports[`plateletAdminResetUserPassword reset the user's password 2`] = `
[MockFunction] {
  "calls": [
    [
      "some@example.com",
      "Some name",
      "i",
    ],
  ],
  "results": [
    {
      "type": "return",
      "value": undefined,
    },
  ],
}
`;
